// Vitest Snapshot v1, https://vitest.dev/guide/snapshot.html

exports[`FirstStepApp > should match snapshot 1`] = `
<div>
  <h1>
    Carrito de Compras
  </h1>
  <section
    class="_itemRow_8b32a2"
  >
    <span
      class="_item-text_8b32a2"
      style="color: black;"
    >
      Nintendo Switch 2
    </span>
    <button>
      +1
    </button>
    <span>
      2
    </span>
    <button>
      -1
    </button>
  </section>
  <section
    class="_itemRow_8b32a2"
  >
    <span
      class="_item-text_8b32a2"
      style="color: black;"
    >
      Mario Bros 3
    </span>
    <button>
      +1
    </button>
    <span>
      5
    </span>
    <button>
      -1
    </button>
  </section>
  <section
    class="_itemRow_8b32a2"
  >
    <span
      class="_item-text_8b32a2"
      style="color: black;"
    >
      Play 5
    </span>
    <button>
      +1
    </button>
    <span>
      3
    </span>
    <button>
      -1
    </button>
  </section>
</div>
`;
